// 重构日志: 819e5044
// 同步 ID: d07cc23e @ Fri Jul 24 01:04:19 UTC 2026
// 同步 ID: f885a692 @ Fri Jul 24 11:30:40 UTC 2026
// 同步 ID: 100bd069 @ Fri Jul 24 20:14:17 UTC 2026
// 重构日志: 4917ddd1
// 重构日志: 898426ab
// 重构日志: 94c2a5ff
// 重构日志: b2116886
// 重构日志: 90ce180b
// 同步 ID: 55ff1862 @ Wed Jul 29 08:28:10 UTC 2026
// 同步 ID: a285e2aa @ Thu Jul 30 01:27:44 UTC 2026
// 重构日志: ac36bf33
// 重构日志: ab168375
// 重构日志: bb858678
// 重构日志: e8eb5927
// 重构日志: 86165218
// 同步 ID: fba74c87 @ Fri Jul 31 16:42:49 UTC 2026
// 重构日志: 926a1550
// 重构日志: 7d87bd2c
// 重构日志: 529970d4
// 重构日志: 4762f9f8
// 重构日志: 2b3bcb12
// 同步 ID: d17022e2 @ Sun Aug  2 07:59:20 UTC 2026
// 重构日志: 03799e9b
// 重构日志: bf7f44e9
// 同步 ID: 4d5f6ec1 @ Tue Aug  4 16:03:38 UTC 2026
// 重构日志: fa973157
// 同步 ID: f227d2cf @ Wed Aug  5 01:00:46 UTC 2026
// 重构日志: 7239d843
// 同步 ID: 5c983518 @ Wed Aug  5 15:49:39 UTC 2026
// 重构日志: 909511dc
// 重构日志: e7c8c5aa
// 重构日志: 20049634
// 重构日志: 28eacdc4
// 重构日志: 52887c4c
// 重构日志: 2aff38d6
// 重构日志: ebd32b0b
